
> rooc-manuiacz@0.0.0 build
> ng build

node.exe : Node.js version v23.4.0 detected.
At C:\Program Files\nodejs\npm.ps1:29 char:3
+   & $NODE_EXE $NPM_CLI_JS $args
+   ~~~~~~~~~~~~~~~~~~~~~~~~~~~~~
    + CategoryInfo          : NotSpecified: (Node.js version v23.4.0 detected. 
   :String) [], RemoteException
    + FullyQualifiedErrorId : NativeCommandError
 
Odd numbered Node.js versions will not enter LTS status and should not be used 
for production. For more information, please see 
https://nodejs.org/en/about/previous-releases/.
[33mΓ¥»[39m Building...
[32mΓ£ö[39m Building...
[1mInitial chunk files[22m  [2m | [22m[1mNames[22m        [2m | [22m [1mRaw size[22m[2m | [22m[1mEstimated transfer size[22m
[32mmain-ZRBBMQVH.js[39m     [2m | [22m[2mmain[22m         [2m | [22m[36m262.48 kB[39m[2m | [22m               [36m69.76 kB[39m
[32mpolyfills-B6TNHZQ6.js[39m[2m | [22m[2mpolyfills[22m    [2m | [22m [36m34.58 kB[39m[2m | [22m               [36m11.32 kB[39m
[32mstyles-2FZOXVTJ.css[39m  [2m | [22m[2mstyles[22m       [2m | [22m[36m771 bytes[39m[2m | [22m              [36m771 bytes[39m

[1m [22m                    [2m | [22m[1mInitial total[22m[2m | [22m[1m297.82 kB[22m[2m | [22m               [1m81.85 kB[22m

Application bundle generation complete. [3.319 seconds]

[1m[33m[33mΓû▓ [43;33m[[43;30mWARNING[43;33m][0m 
[1msrc/app/pages/feathers-calculator.component.scss exceeded maximum budget. 
Budget 4.00 kB was not met by 2.52 kB with a total of 6.52 kB.[0m

[39m[22m
Output location: E:\Website\rooc-manuiacz\dist\rooc-manuiacz

